AgentRunner.nsf
DEASAppDesign.nsf
DEASLog01.nsf
DEASLog02.nsf
DEASLog03.nsf
DEASLog04.nsf
DEASLog05.nsf
DEASLog.nsf
DEESAdmin.nsf
Forms5.nsf
SchedulerTr.nsf
account.nsf
accounts.nsf
admin4.nsf
admin5.nsf
adminisist.nsf
admin.nsf
agentrunner.nsf
alog.nsf
billing.nsf
bookmark.nsf
books.nsf
busytime.nsf
calendar.nsf
catalog.nsf
cersvr.nsf
certa.nsf
certlog.nsf
certsrv.nsf
chatlog.nsf
clbusy.nsf
cldbdir.nsf
clusta4.nsf
collect4.nsf
cpa.nsf
customerdata.nsf
da.nsf
database.nsf
dba4.nsf
db.nsf
dclf.nsf
decsadm.nsf
decsdoc.nsf
decslog.nsf
default.nsf
dirassist.nsf
doladmin.nsf
domadmin.nsf
domcfg.nsf
domguide.nsf
domino.nsf
domlog.nsf
dspug.nsf
event.nsf
events4.nsf
events5.nsf
events.nsf
faqw46.nsf
framew46.nsf
group.nsf
groups.nsf
help4.nsf
helpadmin.nsf
helpadmn.nsf
helplt4.nsf
hidden.nsf
homepage.nsf
internet.nsf
javapg.nsf
jotter.nsf
kbccv11.nsf
kbnv11.nsf
kbssvv11.nsf
lccon.nsf
lcon.nsf
ldap.nsf
leiadm.nsf
leilog.nsf
leivlt.nsf
log4a.nsf
loga4.nsf
log.nsf
lsxlc.nsf
mab.nsf
mailw46.nsf
main.nsf
migrate.nsf
msdwda.nsf
mtatbls.nsf
mtstore.nsf
names.nsf
nd000000.nsf
nd000001.nsf
nd000002.nsf
nd000003.nsf
nd000004.nsf
nntppost.nsf
notes.nsf
.nsf
ntsync45.nsf
ntsync4.nsf
pagesw46.nsf
perweb.nsf
private.nsf
products.nsf
public.nsf
qpadmin.nsf
qstart50.nsf
qstart.nsf
readmec.nsf
readme.nsf
readmes.nsf
reports.nsf
schema50.nsf
secret.nsf
secure.nsf
setup.nsf
setupweb.nsf
siregw46.nsf
site1w46.nsf
site2w46.nsf
site3w46.nsf
smbcfg.nsf
smconf.nsf
smency.nsf
smhelp.nsf
smmsg.nsf
smquar.nsf
smsolar.nsf
smtime.nsf
smtpibwq.nsf
smtp.nsf
smtpobwq.nsf
smtptbls.nsf
smvlog.nsf
software.nsf
srvinst.nsf
statmail.nsf
statrep.nsf
stats217.nsf
stats572.nsf
stats675.nsf
stats988.nsf
stauths.nsf
stautht.nsf
stconfig.nsf
stconf.nsf
stdnaset.nsf
stdomino.nsf
stlog.nsf
streg.nsf
stsrc.nsf
test.nsf
today.nsf
user.nsf
userreg.nsf
users.nsf
vpuserinfo.nsf
webadmin.nsf
web.nsf
webuser.nsf
welcome.nsf
wksinst.nsf
wwsample.nsf